Test run for D:\GIT PROJECT\NonCash\tests\NonCash.IntegrationTests\bin\Debug\net9.0\NonCash.IntegrationTests.dll (.NETCoreApp,Version=v9.0)
VSTest version 17.14.1 (x64)

Starting test execution, please wait...
A total of 1 test files matched the specified pattern.
  Failed NonCash.IntegrationTests.Controllers.BrandsControllerTests.UpdateBrand_WithValidData_ReturnsOk [1 ms]
  Error Message:
   System.Reflection.ReflectionTypeLoadException : Unable to load one or more of the requested types.
Could not load type 'Microsoft.OpenApi.Any.IOpenApiAny' from assembly 'Microsoft.OpenApi, Version=2.4.1.0, Culture=neutral, PublicKeyToken=3f5743946376f042'.
Could not load type 'Microsoft.OpenApi.Models.OpenApiDiscriminator' from assembly 'Microsoft.OpenApi, Version=2.4.1.0, Culture=neutral, PublicKeyToken=3f5743946376f042'.
Could not load type 'Microsoft.OpenApi.Models.OpenApiExternalDocs' from assembly 'Microsoft.OpenApi, Version=2.4.1.0, Culture=neutral, PublicKeyToken=3f5743946376f042'.
Could not load type 'Microsoft.OpenApi.Models.OpenApiReference' from assembly 'Microsoft.OpenApi, Version=2.4.1.0, Culture=neutral, PublicKeyToken=3f5743946376f042'.
Could not load type 'Microsoft.OpenApi.Models.OpenApiSchema' from assembly 'Microsoft.OpenApi, Version=2.4.1.0, Culture=neutral, PublicKeyToken=3f5743946376f042'.
Could not load type 'Microsoft.OpenApi.Models.OpenApiTag' from assembly 'Microsoft.OpenApi, Version=2.4.1.0, Culture=neutral, PublicKeyToken=3f5743946376f042'.
Could not load type 'Microsoft.OpenApi.Models.OpenApiXml' from assembly 'Microsoft.OpenApi, Version=2.4.1.0, Culture=neutral, PublicKeyToken=3f5743946376f042'.
Could not load type 'Microsoft.OpenApi.Models.OpenApiDocument' from assembly 'Microsoft.OpenApi, Version=2.4.1.0, Culture=neutral, PublicKeyToken=3f5743946376f042'.
Could not load type 'Microsoft.OpenApi.Models.OpenApiPathItem' from assembly 'Microsoft.OpenApi, Version=2.4.1.0, Culture=neutral, PublicKeyToken=3f5743946376f042'.
Could not load type 'Microsoft.OpenApi.Models.OpenApiRequestBody' from assembly 'Microsoft.OpenApi, Version=2.4.1.0, Culture=neutral, PublicKeyToken=3f5743946376f042'.
Could not load type 'Microsoft.OpenApi.Models.OpenApiRequestBody' from assembly 'Microsoft.OpenApi, Version=2.4.1.0, Culture=neutral, PublicKeyToken=3f5743946376f042'.
Could not load type 'Microsoft.OpenApi.Models.OpenApiDocument' from assembly 'Microsoft.OpenApi, Version=2.4.1.0, Culture=neutral, PublicKeyToken=3f5743946376f042'.
Could not load type 'Microsoft.OpenApi.Models.OpenApiPaths' from assembly 'Microsoft.OpenApi, Version=2.4.1.0, Culture=neutral, PublicKeyToken=3f5743946376f042'.
Could not load type 'Microsoft.OpenApi.Models.OpenApiOperation' from assembly 'Microsoft.OpenApi, Version=2.4.1.0, Culture=neutral, PublicKeyToken=3f5743946376f042'.
Could not load type 'Microsoft.OpenApi.Models.OperationType' from assembly 'Microsoft.OpenApi, Version=2.4.1.0, Culture=neutral, PublicKeyToken=3f5743946376f042'.
Could not load type 'Microsoft.OpenApi.Models.OpenApiParameter' from assembly 'Microsoft.OpenApi, Version=2.4.1.0, Culture=neutral, PublicKeyToken=3f5743946376f042'.
Could not load type 'Microsoft.OpenApi.Models.OpenApiRequestBody' from assembly 'Microsoft.OpenApi, Version=2.4.1.0, Culture=neutral, PublicKeyToken=3f5743946376f042'.
Could not load type 'Microsoft.OpenApi.Models.OpenApiResponse' from assembly 'Microsoft.OpenApi, Version=2.4.1.0, Culture=neutral, PublicKeyToken=3f5743946376f042'.
Could not load type 'Microsoft.OpenApi.Models.OpenApiResponses' from assembly 'Microsoft.OpenApi, Version=2.4.1.0, Culture=neutral, PublicKeyToken=3f5743946376f042'.
Could not load type 'Microsoft.OpenApi.Models.OpenApiSchema' from assembly 'Microsoft.OpenApi, Version=2.4.1.0, Culture=neutral, PublicKeyToken=3f5743946376f042'.
Could not load type 'Microsoft.OpenApi.Models.OpenApiDocument' from assembly 'Microsoft.OpenApi, Version=2.4.1.0, Culture=neutral, PublicKeyToken=3f5743946376f042'.
  Stack Trace:
     at System.Reflection.RuntimeModule.GetDefinedTypes()
   at Microsoft.AspNetCore.Mvc.Controllers.ControllerFeatureProvider.PopulateFeature(IEnumerable`1 parts, ControllerFeature feature)
   at Microsoft.AspNetCore.Mvc.ApplicationParts.ApplicationPartManager.PopulateFeature[TFeature](TFeature feature)
   at Microsoft.AspNetCore.Mvc.ApplicationModels.ControllerActionDescriptorProvider.GetControllerTypes()
   at Microsoft.AspNetCore.Mvc.ApplicationModels.ControllerActionDescriptorProvider.GetDescriptors()
   at Microsoft.AspNetCore.Mvc.ApplicationModels.ControllerActionDescriptorProvider.OnProvidersExecuting(ActionDescriptorProviderContext context)
   at Microsoft.AspNetCore.Mvc.Infrastructure.DefaultActionDescriptorCollectionProvider.UpdateCollection()
   at Microsoft.AspNetCore.Mvc.Infrastructure.DefaultActionDescriptorCollectionProvider.Initialize()
   at Microsoft.AspNetCore.Mvc.Infrastructure.DefaultActionDescriptorCollectionProvider.GetChangeToken()
   at Microsoft.Extensions.Primitives.ChangeToken.ChangeTokenRegistration`1..ctor(Func`1 changeTokenProducer, Action`1 changeTokenConsumer, TState state)
   at Microsoft.Extensions.Primitives.ChangeToken.OnChange(Func`1 changeTokenProducer, Action changeTokenConsumer)
   at Microsoft.AspNetCore.Mvc.Routing.ActionEndpointDataSourceBase.Subscribe()
   at Microsoft.AspNetCore.Builder.ControllerEndpointRouteBuilderExtensions.GetOrCreateDataSource(IEndpointRouteBuilder endpoints)
   at Microsoft.AspNetCore.Builder.ControllerEndpointRouteBuilderExtensions.MapControllers(IEndpointRouteBuilder endpoints)
   at Program.<Main>$(String[] args) in D:\GIT PROJECT\NonCash\src\NonCash.API\Program.cs:line 78
   at System.RuntimeMethodHandle.InvokeMethod(Object target, Void** arguments, Signature sig, Boolean isConstructor)
   at System.Reflection.MethodBaseInvoker.InvokeDirectByRefWithFewArgs(Object obj, Span`1 copyOfArgs, BindingFlags invokeAttr)
--- End of stack trace from previous location ---
   at Microsoft.AspNetCore.Mvc.Testing.DeferredHostBuilder.DeferredHost.StartAsync(CancellationToken cancellationToken)
   at Microsoft.Extensions.Hosting.HostingAbstractionsHostExtensions.Start(IHost host)
   at Microsoft.AspNetCore.Mvc.Testing.WebApplicationFactory`1.CreateHost(IHostBuilder builder)
   at Microsoft.AspNetCore.Mvc.Testing.WebApplicationFactory`1.DelegatedWebApplicationFactory.CreateHost(IHostBuilder builder)
   at Microsoft.AspNetCore.Mvc.Testing.WebApplicationFactory`1.ConfigureHostBuilder(IHostBuilder hostBuilder)
   at Microsoft.AspNetCore.Mvc.Testing.WebApplicationFactory`1.EnsureServer()
   at Microsoft.AspNetCore.Mvc.Testing.WebApplicationFactory`1.CreateDefaultClient(DelegatingHandler[] handlers)
   at Microsoft.AspNetCore.Mvc.Testing.WebApplicationFactory`1.CreateDefaultClient(Uri baseAddress, DelegatingHandler[] handlers)
   at Microsoft.AspNetCore.Mvc.Testing.WebApplicationFactory`1.CreateClient(WebApplicationFactoryClientOptions options)
   at Microsoft.AspNetCore.Mvc.Testing.WebApplicationFactory`1.CreateClient()
   at NonCash.IntegrationTests.Controllers.BrandsControllerTests..ctor(WebApplicationFactory`1 factory) in D:\GIT PROJECT\NonCash\tests\NonCash.IntegrationTests\Controllers\BrandsControllerTests.cs:line 37
   at System.RuntimeMethodHandle.InvokeMethod(Object target, Void** arguments, Signature sig, Boolean isConstructor)
   at System.Reflection.MethodBaseInvoker.InvokeDirectByRefWithFewArgs(Object obj, Span`1 copyOfArgs, BindingFlags invokeAttr)
  Failed NonCash.IntegrationTests.Controllers.BrandsControllerTests.GetBrandById_WithInvalidId_ReturnsNotFound [1 ms]
  Error Message:
   System.Reflection.ReflectionTypeLoadException : Unable to load one or more of the requested types.
Could not load type 'Microsoft.OpenApi.Any.IOpenApiAny' from assembly 'Microsoft.OpenApi, Version=2.4.1.0, Culture=neutral, PublicKeyToken=3f5743946376f042'.
Could not load type 'Microsoft.OpenApi.Models.OpenApiDiscriminator' from assembly 'Microsoft.OpenApi, Version=2.4.1.0, Culture=neutral, PublicKeyToken=3f5743946376f042'.
Could not load type 'Microsoft.OpenApi.Models.OpenApiExternalDocs' from assembly 'Microsoft.OpenApi, Version=2.4.1.0, Culture=neutral, PublicKeyToken=3f5743946376f042'.
Could not load type 'Microsoft.OpenApi.Models.OpenApiReference' from assembly 'Microsoft.OpenApi, Version=2.4.1.0, Culture=neutral, PublicKeyToken=3f5743946376f042'.
Could not load type 'Microsoft.OpenApi.Models.OpenApiSchema' from assembly 'Microsoft.OpenApi, Version=2.4.1.0, Culture=neutral, PublicKeyToken=3f5743946376f042'.
Could not load type 'Microsoft.OpenApi.Models.OpenApiTag' from assembly 'Microsoft.OpenApi, Version=2.4.1.0, Culture=neutral, PublicKeyToken=3f5743946376f042'.
Could not load type 'Microsoft.OpenApi.Models.OpenApiXml' from assembly 'Microsoft.OpenApi, Version=2.4.1.0, Culture=neutral, PublicKeyToken=3f5743946376f042'.
Could not load type 'Microsoft.OpenApi.Models.OpenApiDocument' from assembly 'Microsoft.OpenApi, Version=2.4.1.0, Culture=neutral, PublicKeyToken=3f5743946376f042'.
Could not load type 'Microsoft.OpenApi.Models.OpenApiPathItem' from assembly 'Microsoft.OpenApi, Version=2.4.1.0, Culture=neutral, PublicKeyToken=3f5743946376f042'.
Could not load type 'Microsoft.OpenApi.Models.OpenApiRequestBody' from assembly 'Microsoft.OpenApi, Version=2.4.1.0, Culture=neutral, PublicKeyToken=3f5743946376f042'.
Could not load type 'Microsoft.OpenApi.Models.OpenApiRequestBody' from assembly 'Microsoft.OpenApi, Version=2.4.1.0, Culture=neutral, PublicKeyToken=3f5743946376f042'.
Could not load type 'Microsoft.OpenApi.Models.OpenApiDocument' from assembly 'Microsoft.OpenApi, Version=2.4.1.0, Culture=neutral, PublicKeyToken=3f5743946376f042'.
Could not load type 'Microsoft.OpenApi.Models.OpenApiPaths' from assembly 'Microsoft.OpenApi, Version=2.4.1.0, Culture=neutral, PublicKeyToken=3f5743946376f042'.
Could not load type 'Microsoft.OpenApi.Models.OpenApiOperation' from assembly 'Microsoft.OpenApi, Version=2.4.1.0, Culture=neutral, PublicKeyToken=3f5743946376f042'.
Could not load type 'Microsoft.OpenApi.Models.OperationType' from assembly 'Microsoft.OpenApi, Version=2.4.1.0, Culture=neutral, PublicKeyToken=3f5743946376f042'.
Could not load type 'Microsoft.OpenApi.Models.OpenApiParameter' from assembly 'Microsoft.OpenApi, Version=2.4.1.0, Culture=neutral, PublicKeyToken=3f5743946376f042'.
Could not load type 'Microsoft.OpenApi.Models.OpenApiRequestBody' from assembly 'Microsoft.OpenApi, Version=2.4.1.0, Culture=neutral, PublicKeyToken=3f5743946376f042'.
Could not load type 'Microsoft.OpenApi.Models.OpenApiResponse' from assembly 'Microsoft.OpenApi, Version=2.4.1.0, Culture=neutral, PublicKeyToken=3f5743946376f042'.
Could not load type 'Microsoft.OpenApi.Models.OpenApiResponses' from assembly 'Microsoft.OpenApi, Version=2.4.1.0, Culture=neutral, PublicKeyToken=3f5743946376f042'.
Could not load type 'Microsoft.OpenApi.Models.OpenApiSchema' from assembly 'Microsoft.OpenApi, Version=2.4.1.0, Culture=neutral, PublicKeyToken=3f5743946376f042'.
Could not load type 'Microsoft.OpenApi.Models.OpenApiDocument' from assembly 'Microsoft.OpenApi, Version=2.4.1.0, Culture=neutral, PublicKeyToken=3f5743946376f042'.
  Stack Trace:
     at System.Reflection.RuntimeModule.GetDefinedTypes()
   at Microsoft.AspNetCore.Mvc.Controllers.ControllerFeatureProvider.PopulateFeature(IEnumerable`1 parts, ControllerFeature feature)
   at Microsoft.AspNetCore.Mvc.ApplicationParts.ApplicationPartManager.PopulateFeature[TFeature](TFeature feature)
   at Microsoft.AspNetCore.Mvc.ApplicationModels.ControllerActionDescriptorProvider.GetControllerTypes()
   at Microsoft.AspNetCore.Mvc.ApplicationModels.ControllerActionDescriptorProvider.GetDescriptors()
   at Microsoft.AspNetCore.Mvc.ApplicationModels.ControllerActionDescriptorProvider.OnProvidersExecuting(ActionDescriptorProviderContext context)
   at Microsoft.AspNetCore.Mvc.Infrastructure.DefaultActionDescriptorCollectionProvider.UpdateCollection()
   at Microsoft.AspNetCore.Mvc.Infrastructure.DefaultActionDescriptorCollectionProvider.Initialize()
   at Microsoft.AspNetCore.Mvc.Infrastructure.DefaultActionDescriptorCollectionProvider.GetChangeToken()
   at Microsoft.Extensions.Primitives.ChangeToken.ChangeTokenRegistration`1..ctor(Func`1 changeTokenProducer, Action`1 changeTokenConsumer, TState state)
   at Microsoft.Extensions.Primitives.ChangeToken.OnChange(Func`1 changeTokenProducer, Action changeTokenConsumer)
   at Microsoft.AspNetCore.Mvc.Routing.ActionEndpointDataSourceBase.Subscribe()
   at Microsoft.AspNetCore.Builder.ControllerEndpointRouteBuilderExtensions.GetOrCreateDataSource(IEndpointRouteBuilder endpoints)
   at Microsoft.AspNetCore.Builder.ControllerEndpointRouteBuilderExtensions.MapControllers(IEndpointRouteBuilder endpoints)
   at Program.<Main>$(String[] args) in D:\GIT PROJECT\NonCash\src\NonCash.API\Program.cs:line 78
   at InvokeStub_Program.<Main>$(Object, Span`1)
   at System.Reflection.MethodBaseInvoker.InvokeWithOneArg(Object obj, BindingFlags invokeAttr, Binder binder, Object[] parameters, CultureInfo culture)
--- End of stack trace from previous location ---
   at Microsoft.AspNetCore.Mvc.Testing.DeferredHostBuilder.DeferredHost.StartAsync(CancellationToken cancellationToken)
   at Microsoft.Extensions.Hosting.HostingAbstractionsHostExtensions.Start(IHost host)
   at Microsoft.AspNetCore.Mvc.Testing.WebApplicationFactory`1.CreateHost(IHostBuilder builder)
   at Microsoft.AspNetCore.Mvc.Testing.WebApplicationFactory`1.DelegatedWebApplicationFactory.CreateHost(IHostBuilder builder)
   at Microsoft.AspNetCore.Mvc.Testing.WebApplicationFactory`1.ConfigureHostBuilder(IHostBuilder hostBuilder)
   at Microsoft.AspNetCore.Mvc.Testing.WebApplicationFactory`1.EnsureServer()
   at Microsoft.AspNetCore.Mvc.Testing.WebApplicationFactory`1.CreateDefaultClient(DelegatingHandler[] handlers)
   at Microsoft.AspNetCore.Mvc.Testing.WebApplicationFactory`1.CreateDefaultClient(Uri baseAddress, DelegatingHandler[] handlers)
   at Microsoft.AspNetCore.Mvc.Testing.WebApplicationFactory`1.CreateClient(WebApplicationFactoryClientOptions options)
   at Microsoft.AspNetCore.Mvc.Testing.WebApplicationFactory`1.CreateClient()
   at NonCash.IntegrationTests.Controllers.BrandsControllerTests..ctor(WebApplicationFactory`1 factory) in D:\GIT PROJECT\NonCash\tests\NonCash.IntegrationTests\Controllers\BrandsControllerTests.cs:line 37
   at InvokeStub_BrandsControllerTests..ctor(Object, Span`1)
   at System.Reflection.MethodBaseInvoker.InvokeWithOneArg(Object obj, BindingFlags invokeAttr, Binder binder, Object[] parameters, CultureInfo culture)
  Failed NonCash.IntegrationTests.Controllers.BrandsControllerTests.GetBrandById_WithValidId_ReturnsBrand [1 ms]
  Error Message:
   System.Reflection.ReflectionTypeLoadException : Unable to load one or more of the requested types.
Could not load type 'Microsoft.OpenApi.Any.IOpenApiAny' from assembly 'Microsoft.OpenApi, Version=2.4.1.0, Culture=neutral, PublicKeyToken=3f5743946376f042'.
Could not load type 'Microsoft.OpenApi.Models.OpenApiDiscriminator' from assembly 'Microsoft.OpenApi, Version=2.4.1.0, Culture=neutral, PublicKeyToken=3f5743946376f042'.
Could not load type 'Microsoft.OpenApi.Models.OpenApiExternalDocs' from assembly 'Microsoft.OpenApi, Version=2.4.1.0, Culture=neutral, PublicKeyToken=3f5743946376f042'.
Could not load type 'Microsoft.OpenApi.Models.OpenApiReference' from assembly 'Microsoft.OpenApi, Version=2.4.1.0, Culture=neutral, PublicKeyToken=3f5743946376f042'.
Could not load type 'Microsoft.OpenApi.Models.OpenApiSchema' from assembly 'Microsoft.OpenApi, Version=2.4.1.0, Culture=neutral, PublicKeyToken=3f5743946376f042'.
Could not load type 'Microsoft.OpenApi.Models.OpenApiTag' from assembly 'Microsoft.OpenApi, Version=2.4.1.0, Culture=neutral, PublicKeyToken=3f5743946376f042'.
Could not load type 'Microsoft.OpenApi.Models.OpenApiXml' from assembly 'Microsoft.OpenApi, Version=2.4.1.0, Culture=neutral, PublicKeyToken=3f5743946376f042'.
Could not load type 'Microsoft.OpenApi.Models.OpenApiDocument' from assembly 'Microsoft.OpenApi, Version=2.4.1.0, Culture=neutral, PublicKeyToken=3f5743946376f042'.
Could not load type 'Microsoft.OpenApi.Models.OpenApiPathItem' from assembly 'Microsoft.OpenApi, Version=2.4.1.0, Culture=neutral, PublicKeyToken=3f5743946376f042'.
Could not load type 'Microsoft.OpenApi.Models.OpenApiRequestBody' from assembly 'Microsoft.OpenApi, Version=2.4.1.0, Culture=neutral, PublicKeyToken=3f5743946376f042'.
Could not load type 'Microsoft.OpenApi.Models.OpenApiRequestBody' from assembly 'Microsoft.OpenApi, Version=2.4.1.0, Culture=neutral, PublicKeyToken=3f5743946376f042'.
Could not load type 'Microsoft.OpenApi.Models.OpenApiDocument' from assembly 'Microsoft.OpenApi, Version=2.4.1.0, Culture=neutral, PublicKeyToken=3f5743946376f042'.
Could not load type 'Microsoft.OpenApi.Models.OpenApiPaths' from assembly 'Microsoft.OpenApi, Version=2.4.1.0, Culture=neutral, PublicKeyToken=3f5743946376f042'.
Could not load type 'Microsoft.OpenApi.Models.OpenApiOperation' from assembly 'Microsoft.OpenApi, Version=2.4.1.0, Culture=neutral, PublicKeyToken=3f5743946376f042'.
Could not load type 'Microsoft.OpenApi.Models.OperationType' from assembly 'Microsoft.OpenApi, Version=2.4.1.0, Culture=neutral, PublicKeyToken=3f5743946376f042'.
Could not load type 'Microsoft.OpenApi.Models.OpenApiParameter' from assembly 'Microsoft.OpenApi, Version=2.4.1.0, Culture=neutral, PublicKeyToken=3f5743946376f042'.
Could not load type 'Microsoft.OpenApi.Models.OpenApiRequestBody' from assembly 'Microsoft.OpenApi, Version=2.4.1.0, Culture=neutral, PublicKeyToken=3f5743946376f042'.
Could not load type 'Microsoft.OpenApi.Models.OpenApiResponse' from assembly 'Microsoft.OpenApi, Version=2.4.1.0, Culture=neutral, PublicKeyToken=3f5743946376f042'.
Could not load type 'Microsoft.OpenApi.Models.OpenApiResponses' from assembly 'Microsoft.OpenApi, Version=2.4.1.0, Culture=neutral, PublicKeyToken=3f5743946376f042'.
Could not load type 'Microsoft.OpenApi.Models.OpenApiSchema' from assembly 'Microsoft.OpenApi, Version=2.4.1.0, Culture=neutral, PublicKeyToken=3f5743946376f042'.
Could not load type 'Microsoft.OpenApi.Models.OpenApiDocument' from assembly 'Microsoft.OpenApi, Version=2.4.1.0, Culture=neutral, PublicKeyToken=3f5743946376f042'.
  Stack Trace:
     at System.Reflection.RuntimeModule.GetDefinedTypes()
   at Microsoft.AspNetCore.Mvc.Controllers.ControllerFeatureProvider.PopulateFeature(IEnumerable`1 parts, ControllerFeature feature)
   at Microsoft.AspNetCore.Mvc.ApplicationParts.ApplicationPartManager.PopulateFeature[TFeature](TFeature feature)
   at Microsoft.AspNetCore.Mvc.ApplicationModels.ControllerActionDescriptorProvider.GetControllerTypes()
   at Microsoft.AspNetCore.Mvc.ApplicationModels.ControllerActionDescriptorProvider.GetDescriptors()
   at Microsoft.AspNetCore.Mvc.ApplicationModels.ControllerActionDescriptorProvider.OnProvidersExecuting(ActionDescriptorProviderContext context)
   at Microsoft.AspNetCore.Mvc.Infrastructure.DefaultActionDescriptorCollectionProvider.UpdateCollection()
   at Microsoft.AspNetCore.Mvc.Infrastructure.DefaultActionDescriptorCollectionProvider.Initialize()
   at Microsoft.AspNetCore.Mvc.Infrastructure.DefaultActionDescriptorCollectionProvider.GetChangeToken()
   at Microsoft.Extensions.Primitives.ChangeToken.ChangeTokenRegistration`1..ctor(Func`1 changeTokenProducer, Action`1 changeTokenConsumer, TState state)
   at Microsoft.Extensions.Primitives.ChangeToken.OnChange(Func`1 changeTokenProducer, Action changeTokenConsumer)
   at Microsoft.AspNetCore.Mvc.Routing.ActionEndpointDataSourceBase.Subscribe()
   at Microsoft.AspNetCore.Builder.ControllerEndpointRouteBuilderExtensions.GetOrCreateDataSource(IEndpointRouteBuilder endpoints)
   at Microsoft.AspNetCore.Builder.ControllerEndpointRouteBuilderExtensions.MapControllers(IEndpointRouteBuilder endpoints)
   at Program.<Main>$(String[] args) in D:\GIT PROJECT\NonCash\src\NonCash.API\Program.cs:line 78
   at InvokeStub_Program.<Main>$(Object, Span`1)
   at System.Reflection.MethodBaseInvoker.InvokeWithOneArg(Object obj, BindingFlags invokeAttr, Binder binder, Object[] parameters, CultureInfo culture)
--- End of stack trace from previous location ---
   at Microsoft.AspNetCore.Mvc.Testing.DeferredHostBuilder.DeferredHost.StartAsync(CancellationToken cancellationToken)
   at Microsoft.Extensions.Hosting.HostingAbstractionsHostExtensions.Start(IHost host)
   at Microsoft.AspNetCore.Mvc.Testing.WebApplicationFactory`1.CreateHost(IHostBuilder builder)
   at Microsoft.AspNetCore.Mvc.Testing.WebApplicationFactory`1.DelegatedWebApplicationFactory.CreateHost(IHostBuilder builder)
   at Microsoft.AspNetCore.Mvc.Testing.WebApplicationFactory`1.ConfigureHostBuilder(IHostBuilder hostBuilder)
   at Microsoft.AspNetCore.Mvc.Testing.WebApplicationFactory`1.EnsureServer()
   at Microsoft.AspNetCore.Mvc.Testing.WebApplicationFactory`1.CreateDefaultClient(DelegatingHandler[] handlers)
   at Microsoft.AspNetCore.Mvc.Testing.WebApplicationFactory`1.CreateDefaultClient(Uri baseAddress, DelegatingHandler[] handlers)
   at Microsoft.AspNetCore.Mvc.Testing.WebApplicationFactory`1.CreateClient(WebApplicationFactoryClientOptions options)
   at Microsoft.AspNetCore.Mvc.Testing.WebApplicationFactory`1.CreateClient()
   at NonCash.IntegrationTests.Controllers.BrandsControllerTests..ctor(WebApplicationFactory`1 factory) in D:\GIT PROJECT\NonCash\tests\NonCash.IntegrationTests\Controllers\BrandsControllerTests.cs:line 37
   at InvokeStub_BrandsControllerTests..ctor(Object, Span`1)
   at System.Reflection.MethodBaseInvoker.InvokeWithOneArg(Object obj, BindingFlags invokeAttr, Binder binder, Object[] parameters, CultureInfo culture)
  Failed NonCash.IntegrationTests.Controllers.BrandsControllerTests.GetBrands_ReturnsEmptyList [1 ms]
  Error Message:
   System.Reflection.ReflectionTypeLoadException : Unable to load one or more of the requested types.
Could not load type 'Microsoft.OpenApi.Any.IOpenApiAny' from assembly 'Microsoft.OpenApi, Version=2.4.1.0, Culture=neutral, PublicKeyToken=3f5743946376f042'.
Could not load type 'Microsoft.OpenApi.Models.OpenApiDiscriminator' from assembly 'Microsoft.OpenApi, Version=2.4.1.0, Culture=neutral, PublicKeyToken=3f5743946376f042'.
Could not load type 'Microsoft.OpenApi.Models.OpenApiExternalDocs' from assembly 'Microsoft.OpenApi, Version=2.4.1.0, Culture=neutral, PublicKeyToken=3f5743946376f042'.
Could not load type 'Microsoft.OpenApi.Models.OpenApiReference' from assembly 'Microsoft.OpenApi, Version=2.4.1.0, Culture=neutral, PublicKeyToken=3f5743946376f042'.
Could not load type 'Microsoft.OpenApi.Models.OpenApiSchema' from assembly 'Microsoft.OpenApi, Version=2.4.1.0, Culture=neutral, PublicKeyToken=3f5743946376f042'.
Could not load type 'Microsoft.OpenApi.Models.OpenApiTag' from assembly 'Microsoft.OpenApi, Version=2.4.1.0, Culture=neutral, PublicKeyToken=3f5743946376f042'.
Could not load type 'Microsoft.OpenApi.Models.OpenApiXml' from assembly 'Microsoft.OpenApi, Version=2.4.1.0, Culture=neutral, PublicKeyToken=3f5743946376f042'.
Could not load type 'Microsoft.OpenApi.Models.OpenApiDocument' from assembly 'Microsoft.OpenApi, Version=2.4.1.0, Culture=neutral, PublicKeyToken=3f5743946376f042'.
Could not load type 'Microsoft.OpenApi.Models.OpenApiPathItem' from assembly 'Microsoft.OpenApi, Version=2.4.1.0, Culture=neutral, PublicKeyToken=3f5743946376f042'.
Could not load type 'Microsoft.OpenApi.Models.OpenApiRequestBody' from assembly 'Microsoft.OpenApi, Version=2.4.1.0, Culture=neutral, PublicKeyToken=3f5743946376f042'.
Could not load type 'Microsoft.OpenApi.Models.OpenApiRequestBody' from assembly 'Microsoft.OpenApi, Version=2.4.1.0, Culture=neutral, PublicKeyToken=3f5743946376f042'.
Could not load type 'Microsoft.OpenApi.Models.OpenApiDocument' from assembly 'Microsoft.OpenApi, Version=2.4.1.0, Culture=neutral, PublicKeyToken=3f5743946376f042'.
Could not load type 'Microsoft.OpenApi.Models.OpenApiPaths' from assembly 'Microsoft.OpenApi, Version=2.4.1.0, Culture=neutral, PublicKeyToken=3f5743946376f042'.
Could not load type 'Microsoft.OpenApi.Models.OpenApiOperation' from assembly 'Microsoft.OpenApi, Version=2.4.1.0, Culture=neutral, PublicKeyToken=3f5743946376f042'.
Could not load type 'Microsoft.OpenApi.Models.OperationType' from assembly 'Microsoft.OpenApi, Version=2.4.1.0, Culture=neutral, PublicKeyToken=3f5743946376f042'.
Could not load type 'Microsoft.OpenApi.Models.OpenApiParameter' from assembly 'Microsoft.OpenApi, Version=2.4.1.0, Culture=neutral, PublicKeyToken=3f5743946376f042'.
Could not load type 'Microsoft.OpenApi.Models.OpenApiRequestBody' from assembly 'Microsoft.OpenApi, Version=2.4.1.0, Culture=neutral, PublicKeyToken=3f5743946376f042'.
Could not load type 'Microsoft.OpenApi.Models.OpenApiResponse' from assembly 'Microsoft.OpenApi, Version=2.4.1.0, Culture=neutral, PublicKeyToken=3f5743946376f042'.
Could not load type 'Microsoft.OpenApi.Models.OpenApiResponses' from assembly 'Microsoft.OpenApi, Version=2.4.1.0, Culture=neutral, PublicKeyToken=3f5743946376f042'.
Could not load type 'Microsoft.OpenApi.Models.OpenApiSchema' from assembly 'Microsoft.OpenApi, Version=2.4.1.0, Culture=neutral, PublicKeyToken=3f5743946376f042'.
Could not load type 'Microsoft.OpenApi.Models.OpenApiDocument' from assembly 'Microsoft.OpenApi, Version=2.4.1.0, Culture=neutral, PublicKeyToken=3f5743946376f042'.
  Stack Trace:
     at System.Reflection.RuntimeModule.GetDefinedTypes()
   at Microsoft.AspNetCore.Mvc.Controllers.ControllerFeatureProvider.PopulateFeature(IEnumerable`1 parts, ControllerFeature feature)
   at Microsoft.AspNetCore.Mvc.ApplicationParts.ApplicationPartManager.PopulateFeature[TFeature](TFeature feature)
   at Microsoft.AspNetCore.Mvc.ApplicationModels.ControllerActionDescriptorProvider.GetControllerTypes()
   at Microsoft.AspNetCore.Mvc.ApplicationModels.ControllerActionDescriptorProvider.GetDescriptors()
   at Microsoft.AspNetCore.Mvc.ApplicationModels.ControllerActionDescriptorProvider.OnProvidersExecuting(ActionDescriptorProviderContext context)
   at Microsoft.AspNetCore.Mvc.Infrastructure.DefaultActionDescriptorCollectionProvider.UpdateCollection()
   at Microsoft.AspNetCore.Mvc.Infrastructure.DefaultActionDescriptorCollectionProvider.Initialize()
   at Microsoft.AspNetCore.Mvc.Infrastructure.DefaultActionDescriptorCollectionProvider.GetChangeToken()
   at Microsoft.Extensions.Primitives.ChangeToken.ChangeTokenRegistration`1..ctor(Func`1 changeTokenProducer, Action`1 changeTokenConsumer, TState state)
   at Microsoft.Extensions.Primitives.ChangeToken.OnChange(Func`1 changeTokenProducer, Action changeTokenConsumer)
   at Microsoft.AspNetCore.Mvc.Routing.ActionEndpointDataSourceBase.Subscribe()
   at Microsoft.AspNetCore.Builder.ControllerEndpointRouteBuilderExtensions.GetOrCreateDataSource(IEndpointRouteBuilder endpoints)
   at Microsoft.AspNetCore.Builder.ControllerEndpointRouteBuilderExtensions.MapControllers(IEndpointRouteBuilder endpoints)
   at Program.<Main>$(String[] args) in D:\GIT PROJECT\NonCash\src\NonCash.API\Program.cs:line 78
   at InvokeStub_Program.<Main>$(Object, Span`1)
   at System.Reflection.MethodBaseInvoker.InvokeWithOneArg(Object obj, BindingFlags invokeAttr, Binder binder, Object[] parameters, CultureInfo culture)
--- End of stack trace from previous location ---
   at Microsoft.AspNetCore.Mvc.Testing.DeferredHostBuilder.DeferredHost.StartAsync(CancellationToken cancellationToken)
   at Microsoft.Extensions.Hosting.HostingAbstractionsHostExtensions.Start(IHost host)
   at Microsoft.AspNetCore.Mvc.Testing.WebApplicationFactory`1.CreateHost(IHostBuilder builder)
   at Microsoft.AspNetCore.Mvc.Testing.WebApplicationFactory`1.DelegatedWebApplicationFactory.CreateHost(IHostBuilder builder)
   at Microsoft.AspNetCore.Mvc.Testing.WebApplicationFactory`1.ConfigureHostBuilder(IHostBuilder hostBuilder)
   at Microsoft.AspNetCore.Mvc.Testing.WebApplicationFactory`1.EnsureServer()
   at Microsoft.AspNetCore.Mvc.Testing.WebApplicationFactory`1.CreateDefaultClient(DelegatingHandler[] handlers)
   at Microsoft.AspNetCore.Mvc.Testing.WebApplicationFactory`1.CreateDefaultClient(Uri baseAddress, DelegatingHandler[] handlers)
   at Microsoft.AspNetCore.Mvc.Testing.WebApplicationFactory`1.CreateClient(WebApplicationFactoryClientOptions options)
   at Microsoft.AspNetCore.Mvc.Testing.WebApplicationFactory`1.CreateClient()
   at NonCash.IntegrationTests.Controllers.BrandsControllerTests..ctor(WebApplicationFactory`1 factory) in D:\GIT PROJECT\NonCash\tests\NonCash.IntegrationTests\Controllers\BrandsControllerTests.cs:line 37
   at InvokeStub_BrandsControllerTests..ctor(Object, Span`1)
   at System.Reflection.MethodBaseInvoker.InvokeWithOneArg(Object obj, BindingFlags invokeAttr, Binder binder, Object[] parameters, CultureInfo culture)
  Failed NonCash.IntegrationTests.Controllers.BrandsControllerTests.CreateBrand_WithValidData_ReturnsCreated [1 ms]
  Error Message:
   System.Reflection.ReflectionTypeLoadException : Unable to load one or more of the requested types.
Could not load type 'Microsoft.OpenApi.Any.IOpenApiAny' from assembly 'Microsoft.OpenApi, Version=2.4.1.0, Culture=neutral, PublicKeyToken=3f5743946376f042'.
Could not load type 'Microsoft.OpenApi.Models.OpenApiDiscriminator' from assembly 'Microsoft.OpenApi, Version=2.4.1.0, Culture=neutral, PublicKeyToken=3f5743946376f042'.
Could not load type 'Microsoft.OpenApi.Models.OpenApiExternalDocs' from assembly 'Microsoft.OpenApi, Version=2.4.1.0, Culture=neutral, PublicKeyToken=3f5743946376f042'.
Could not load type 'Microsoft.OpenApi.Models.OpenApiReference' from assembly 'Microsoft.OpenApi, Version=2.4.1.0, Culture=neutral, PublicKeyToken=3f5743946376f042'.
Could not load type 'Microsoft.OpenApi.Models.OpenApiSchema' from assembly 'Microsoft.OpenApi, Version=2.4.1.0, Culture=neutral, PublicKeyToken=3f5743946376f042'.
Could not load type 'Microsoft.OpenApi.Models.OpenApiTag' from assembly 'Microsoft.OpenApi, Version=2.4.1.0, Culture=neutral, PublicKeyToken=3f5743946376f042'.
Could not load type 'Microsoft.OpenApi.Models.OpenApiXml' from assembly 'Microsoft.OpenApi, Version=2.4.1.0, Culture=neutral, PublicKeyToken=3f5743946376f042'.
Could not load type 'Microsoft.OpenApi.Models.OpenApiDocument' from assembly 'Microsoft.OpenApi, Version=2.4.1.0, Culture=neutral, PublicKeyToken=3f5743946376f042'.
Could not load type 'Microsoft.OpenApi.Models.OpenApiPathItem' from assembly 'Microsoft.OpenApi, Version=2.4.1.0, Culture=neutral, PublicKeyToken=3f5743946376f042'.
Could not load type 'Microsoft.OpenApi.Models.OpenApiRequestBody' from assembly 'Microsoft.OpenApi, Version=2.4.1.0, Culture=neutral, PublicKeyToken=3f5743946376f042'.
Could not load type 'Microsoft.OpenApi.Models.OpenApiRequestBody' from assembly 'Microsoft.OpenApi, Version=2.4.1.0, Culture=neutral, PublicKeyToken=3f5743946376f042'.
Could not load type 'Microsoft.OpenApi.Models.OpenApiDocument' from assembly 'Microsoft.OpenApi, Version=2.4.1.0, Culture=neutral, PublicKeyToken=3f5743946376f042'.
Could not load type 'Microsoft.OpenApi.Models.OpenApiPaths' from assembly 'Microsoft.OpenApi, Version=2.4.1.0, Culture=neutral, PublicKeyToken=3f5743946376f042'.
Could not load type 'Microsoft.OpenApi.Models.OpenApiOperation' from assembly 'Microsoft.OpenApi, Version=2.4.1.0, Culture=neutral, PublicKeyToken=3f5743946376f042'.
Could not load type 'Microsoft.OpenApi.Models.OperationType' from assembly 'Microsoft.OpenApi, Version=2.4.1.0, Culture=neutral, PublicKeyToken=3f5743946376f042'.
Could not load type 'Microsoft.OpenApi.Models.OpenApiParameter' from assembly 'Microsoft.OpenApi, Version=2.4.1.0, Culture=neutral, PublicKeyToken=3f5743946376f042'.
Could not load type 'Microsoft.OpenApi.Models.OpenApiRequestBody' from assembly 'Microsoft.OpenApi, Version=2.4.1.0, Culture=neutral, PublicKeyToken=3f5743946376f042'.
Could not load type 'Microsoft.OpenApi.Models.OpenApiResponse' from assembly 'Microsoft.OpenApi, Version=2.4.1.0, Culture=neutral, PublicKeyToken=3f5743946376f042'.
Could not load type 'Microsoft.OpenApi.Models.OpenApiResponses' from assembly 'Microsoft.OpenApi, Version=2.4.1.0, Culture=neutral, PublicKeyToken=3f5743946376f042'.
Could not load type 'Microsoft.OpenApi.Models.OpenApiSchema' from assembly 'Microsoft.OpenApi, Version=2.4.1.0, Culture=neutral, PublicKeyToken=3f5743946376f042'.
Could not load type 'Microsoft.OpenApi.Models.OpenApiDocument' from assembly 'Microsoft.OpenApi, Version=2.4.1.0, Culture=neutral, PublicKeyToken=3f5743946376f042'.
  Stack Trace:
     at System.Reflection.RuntimeModule.GetDefinedTypes()
   at Microsoft.AspNetCore.Mvc.Controllers.ControllerFeatureProvider.PopulateFeature(IEnumerable`1 parts, ControllerFeature feature)
   at Microsoft.AspNetCore.Mvc.ApplicationParts.ApplicationPartManager.PopulateFeature[TFeature](TFeature feature)
   at Microsoft.AspNetCore.Mvc.ApplicationModels.ControllerActionDescriptorProvider.GetControllerTypes()
   at Microsoft.AspNetCore.Mvc.ApplicationModels.ControllerActionDescriptorProvider.GetDescriptors()
   at Microsoft.AspNetCore.Mvc.ApplicationModels.ControllerActionDescriptorProvider.OnProvidersExecuting(ActionDescriptorProviderContext context)
   at Microsoft.AspNetCore.Mvc.Infrastructure.DefaultActionDescriptorCollectionProvider.UpdateCollection()
   at Microsoft.AspNetCore.Mvc.Infrastructure.DefaultActionDescriptorCollectionProvider.Initialize()
   at Microsoft.AspNetCore.Mvc.Infrastructure.DefaultActionDescriptorCollectionProvider.GetChangeToken()
   at Microsoft.Extensions.Primitives.ChangeToken.ChangeTokenRegistration`1..ctor(Func`1 changeTokenProducer, Action`1 changeTokenConsumer, TState state)
   at Microsoft.Extensions.Primitives.ChangeToken.OnChange(Func`1 changeTokenProducer, Action changeTokenConsumer)
   at Microsoft.AspNetCore.Mvc.Routing.ActionEndpointDataSourceBase.Subscribe()
   at Microsoft.AspNetCore.Builder.ControllerEndpointRouteBuilderExtensions.GetOrCreateDataSource(IEndpointRouteBuilder endpoints)
   at Microsoft.AspNetCore.Builder.ControllerEndpointRouteBuilderExtensions.MapControllers(IEndpointRouteBuilder endpoints)
   at Program.<Main>$(String[] args) in D:\GIT PROJECT\NonCash\src\NonCash.API\Program.cs:line 78
   at InvokeStub_Program.<Main>$(Object, Span`1)
   at System.Reflection.MethodBaseInvoker.InvokeWithOneArg(Object obj, BindingFlags invokeAttr, Binder binder, Object[] parameters, CultureInfo culture)
--- End of stack trace from previous location ---
   at Microsoft.AspNetCore.Mvc.Testing.DeferredHostBuilder.DeferredHost.StartAsync(CancellationToken cancellationToken)
   at Microsoft.Extensions.Hosting.HostingAbstractionsHostExtensions.Start(IHost host)
   at Microsoft.AspNetCore.Mvc.Testing.WebApplicationFactory`1.CreateHost(IHostBuilder builder)
   at Microsoft.AspNetCore.Mvc.Testing.WebApplicationFactory`1.DelegatedWebApplicationFactory.CreateHost(IHostBuilder builder)
   at Microsoft.AspNetCore.Mvc.Testing.WebApplicationFactory`1.ConfigureHostBuilder(IHostBuilder hostBuilder)
   at Microsoft.AspNetCore.Mvc.Testing.WebApplicationFactory`1.EnsureServer()
   at Microsoft.AspNetCore.Mvc.Testing.WebApplicationFactory`1.CreateDefaultClient(DelegatingHandler[] handlers)
   at Microsoft.AspNetCore.Mvc.Testing.WebApplicationFactory`1.CreateDefaultClient(Uri baseAddress, DelegatingHandler[] handlers)
   at Microsoft.AspNetCore.Mvc.Testing.WebApplicationFactory`1.CreateClient(WebApplicationFactoryClientOptions options)
   at Microsoft.AspNetCore.Mvc.Testing.WebApplicationFactory`1.CreateClient()
   at NonCash.IntegrationTests.Controllers.BrandsControllerTests..ctor(WebApplicationFactory`1 factory) in D:\GIT PROJECT\NonCash\tests\NonCash.IntegrationTests\Controllers\BrandsControllerTests.cs:line 37
   at InvokeStub_BrandsControllerTests..ctor(Object, Span`1)
   at System.Reflection.MethodBaseInvoker.InvokeWithOneArg(Object obj, BindingFlags invokeAttr, Binder binder, Object[] parameters, CultureInfo culture)
  Failed NonCash.IntegrationTests.Controllers.BrandsControllerTests.CreateBrand_WithDuplicateTaxCode_ReturnsConflict [1 ms]
  Error Message:
   System.Reflection.ReflectionTypeLoadException : Unable to load one or more of the requested types.
Could not load type 'Microsoft.OpenApi.Any.IOpenApiAny' from assembly 'Microsoft.OpenApi, Version=2.4.1.0, Culture=neutral, PublicKeyToken=3f5743946376f042'.
Could not load type 'Microsoft.OpenApi.Models.OpenApiDiscriminator' from assembly 'Microsoft.OpenApi, Version=2.4.1.0, Culture=neutral, PublicKeyToken=3f5743946376f042'.
Could not load type 'Microsoft.OpenApi.Models.OpenApiExternalDocs' from assembly 'Microsoft.OpenApi, Version=2.4.1.0, Culture=neutral, PublicKeyToken=3f5743946376f042'.
Could not load type 'Microsoft.OpenApi.Models.OpenApiReference' from assembly 'Microsoft.OpenApi, Version=2.4.1.0, Culture=neutral, PublicKeyToken=3f5743946376f042'.
Could not load type 'Microsoft.OpenApi.Models.OpenApiSchema' from assembly 'Microsoft.OpenApi, Version=2.4.1.0, Culture=neutral, PublicKeyToken=3f5743946376f042'.
Could not load type 'Microsoft.OpenApi.Models.OpenApiTag' from assembly 'Microsoft.OpenApi, Version=2.4.1.0, Culture=neutral, PublicKeyToken=3f5743946376f042'.
Could not load type 'Microsoft.OpenApi.Models.OpenApiXml' from assembly 'Microsoft.OpenApi, Version=2.4.1.0, Culture=neutral, PublicKeyToken=3f5743946376f042'.
Could not load type 'Microsoft.OpenApi.Models.OpenApiDocument' from assembly 'Microsoft.OpenApi, Version=2.4.1.0, Culture=neutral, PublicKeyToken=3f5743946376f042'.
Could not load type 'Microsoft.OpenApi.Models.OpenApiPathItem' from assembly 'Microsoft.OpenApi, Version=2.4.1.0, Culture=neutral, PublicKeyToken=3f5743946376f042'.
Could not load type 'Microsoft.OpenApi.Models.OpenApiRequestBody' from assembly 'Microsoft.OpenApi, Version=2.4.1.0, Culture=neutral, PublicKeyToken=3f5743946376f042'.
Could not load type 'Microsoft.OpenApi.Models.OpenApiRequestBody' from assembly 'Microsoft.OpenApi, Version=2.4.1.0, Culture=neutral, PublicKeyToken=3f5743946376f042'.
Could not load type 'Microsoft.OpenApi.Models.OpenApiDocument' from assembly 'Microsoft.OpenApi, Version=2.4.1.0, Culture=neutral, PublicKeyToken=3f5743946376f042'.
Could not load type 'Microsoft.OpenApi.Models.OpenApiPaths' from assembly 'Microsoft.OpenApi, Version=2.4.1.0, Culture=neutral, PublicKeyToken=3f5743946376f042'.
Could not load type 'Microsoft.OpenApi.Models.OpenApiOperation' from assembly 'Microsoft.OpenApi, Version=2.4.1.0, Culture=neutral, PublicKeyToken=3f5743946376f042'.
Could not load type 'Microsoft.OpenApi.Models.OperationType' from assembly 'Microsoft.OpenApi, Version=2.4.1.0, Culture=neutral, PublicKeyToken=3f5743946376f042'.
Could not load type 'Microsoft.OpenApi.Models.OpenApiParameter' from assembly 'Microsoft.OpenApi, Version=2.4.1.0, Culture=neutral, PublicKeyToken=3f5743946376f042'.
Could not load type 'Microsoft.OpenApi.Models.OpenApiRequestBody' from assembly 'Microsoft.OpenApi, Version=2.4.1.0, Culture=neutral, PublicKeyToken=3f5743946376f042'.
Could not load type 'Microsoft.OpenApi.Models.OpenApiResponse' from assembly 'Microsoft.OpenApi, Version=2.4.1.0, Culture=neutral, PublicKeyToken=3f5743946376f042'.
Could not load type 'Microsoft.OpenApi.Models.OpenApiResponses' from assembly 'Microsoft.OpenApi, Version=2.4.1.0, Culture=neutral, PublicKeyToken=3f5743946376f042'.
Could not load type 'Microsoft.OpenApi.Models.OpenApiSchema' from assembly 'Microsoft.OpenApi, Version=2.4.1.0, Culture=neutral, PublicKeyToken=3f5743946376f042'.
Could not load type 'Microsoft.OpenApi.Models.OpenApiDocument' from assembly 'Microsoft.OpenApi, Version=2.4.1.0, Culture=neutral, PublicKeyToken=3f5743946376f042'.
  Stack Trace:
     at System.Reflection.RuntimeModule.GetDefinedTypes()
   at Microsoft.AspNetCore.Mvc.Controllers.ControllerFeatureProvider.PopulateFeature(IEnumerable`1 parts, ControllerFeature feature)
   at Microsoft.AspNetCore.Mvc.ApplicationParts.ApplicationPartManager.PopulateFeature[TFeature](TFeature feature)
   at Microsoft.AspNetCore.Mvc.ApplicationModels.ControllerActionDescriptorProvider.GetControllerTypes()
   at Microsoft.AspNetCore.Mvc.ApplicationModels.ControllerActionDescriptorProvider.GetDescriptors()
   at Microsoft.AspNetCore.Mvc.ApplicationModels.ControllerActionDescriptorProvider.OnProvidersExecuting(ActionDescriptorProviderContext context)
   at Microsoft.AspNetCore.Mvc.Infrastructure.DefaultActionDescriptorCollectionProvider.UpdateCollection()
   at Microsoft.AspNetCore.Mvc.Infrastructure.DefaultActionDescriptorCollectionProvider.Initialize()
   at Microsoft.AspNetCore.Mvc.Infrastructure.DefaultActionDescriptorCollectionProvider.GetChangeToken()
   at Microsoft.Extensions.Primitives.ChangeToken.ChangeTokenRegistration`1..ctor(Func`1 changeTokenProducer, Action`1 changeTokenConsumer, TState state)
   at Microsoft.Extensions.Primitives.ChangeToken.OnChange(Func`1 changeTokenProducer, Action changeTokenConsumer)
   at Microsoft.AspNetCore.Mvc.Routing.ActionEndpointDataSourceBase.Subscribe()
   at Microsoft.AspNetCore.Builder.ControllerEndpointRouteBuilderExtensions.GetOrCreateDataSource(IEndpointRouteBuilder endpoints)
   at Microsoft.AspNetCore.Builder.ControllerEndpointRouteBuilderExtensions.MapControllers(IEndpointRouteBuilder endpoints)
   at Program.<Main>$(String[] args) in D:\GIT PROJECT\NonCash\src\NonCash.API\Program.cs:line 78
   at InvokeStub_Program.<Main>$(Object, Span`1)
   at System.Reflection.MethodBaseInvoker.InvokeWithOneArg(Object obj, BindingFlags invokeAttr, Binder binder, Object[] parameters, CultureInfo culture)
--- End of stack trace from previous location ---
   at Microsoft.AspNetCore.Mvc.Testing.DeferredHostBuilder.DeferredHost.StartAsync(CancellationToken cancellationToken)
   at Microsoft.Extensions.Hosting.HostingAbstractionsHostExtensions.Start(IHost host)
   at Microsoft.AspNetCore.Mvc.Testing.WebApplicationFactory`1.CreateHost(IHostBuilder builder)
   at Microsoft.AspNetCore.Mvc.Testing.WebApplicationFactory`1.DelegatedWebApplicationFactory.CreateHost(IHostBuilder builder)
   at Microsoft.AspNetCore.Mvc.Testing.WebApplicationFactory`1.ConfigureHostBuilder(IHostBuilder hostBuilder)
   at Microsoft.AspNetCore.Mvc.Testing.WebApplicationFactory`1.EnsureServer()
   at Microsoft.AspNetCore.Mvc.Testing.WebApplicationFactory`1.CreateDefaultClient(DelegatingHandler[] handlers)
   at Microsoft.AspNetCore.Mvc.Testing.WebApplicationFactory`1.CreateDefaultClient(Uri baseAddress, DelegatingHandler[] handlers)
   at Microsoft.AspNetCore.Mvc.Testing.WebApplicationFactory`1.CreateClient(WebApplicationFactoryClientOptions options)
   at Microsoft.AspNetCore.Mvc.Testing.WebApplicationFactory`1.CreateClient()
   at NonCash.IntegrationTests.Controllers.BrandsControllerTests..ctor(WebApplicationFactory`1 factory) in D:\GIT PROJECT\NonCash\tests\NonCash.IntegrationTests\Controllers\BrandsControllerTests.cs:line 37
   at InvokeStub_BrandsControllerTests..ctor(Object, Span`1)
   at System.Reflection.MethodBaseInvoker.InvokeWithOneArg(Object obj, BindingFlags invokeAttr, Binder binder, Object[] parameters, CultureInfo culture)

Failed!  - Failed:     6, Passed:     0, Skipped:     0, Total:     6, Duration: 130 ms - NonCash.IntegrationTests.dll (net9.0)

Workload updates are available. Run `dotnet workload list` for more information.
